// Jest Snapshot v1, https://goo.gl/fbAQLP

exports[`Login snapshot test Snapshot test for Login component 1`] = `
<div
  className="auth-page"
>
  <div
    className="sc-hKFxyN cMRkkx"
  >
    <div
      className="grid_layout d-block d-md-grid"
    >
      <div
        className="grid-1 d-flex"
      >
        <div
          className="child__item container"
          data-testid="auth-layout"
        >
          <a
            href="/login"
            onClick={[Function]}
          >
            <img
              className="mb-4 logo"
              src={Object {}}
            />
          </a>
          <div
            className="sc-eCApnc kSuWvC"
          >
            <div>
              <form
                name="login"
                onSubmit={[Function]}
                role="form"
              >
                <h3
                  className="AuthForm__title"
                >
                  Reset Password
                </h3>
                <div
                  className="form-group"
                >
                  <label
                    className="Auth_label"
                  >
                    Email address
                    <span>
                      *
                    </span>
                  </label>
                  <div
                    className="sc-gtsrHT ccqUgE"
                    data-testid="input"
                  >
                    <input
                      className="form-control"
                      data-testid=""
                      id="email"
                      label=""
                      name="email"
                      onChange={[Function]}
                      placeholder="Enter email address"
                      type="email"
                      value=""
                    />
                  </div>
                </div>
                <a
                  className="sc-bdnxRM cdRsdd  Form__cta"
                  href="/login"
                  onClick={[Function]}
                  style={
                    Object {
                      "display": "block",
                      "marginTop": "8px",
                      "textAlign": "right",
                    }
                  }
                >
                  Have an account? Login
                </a>
                <div
                  className="text-center"
                >
                  <button
                    className="btn btn-default   "
                    form={null}
                    type="submit"
                  >
                    Reset Password
                  </button>
                </div>
              </form>
            </div>
          </div>
        </div>
      </div>
      <div
        className="grid-2 d-none d-md-block"
        style={
          Object {
            "backgroundImage": "url([object Object])",
            "backgroundSize": "cover",
          }
        }
      />
    </div>
  </div>
</div>
`;
