// Jest Snapshot v1, https://goo.gl/fbAQLP

exports[`Login snapshot test Should match snapshot test 1`] = `
<div
  className="sc-dlnjwi gkujyx"
>
  <div
    className="grid_layout d-block d-md-grid"
  >
    <div
      className="grid-1 d-flex"
    >
      <div
        className="child__item container"
        data-testid="auth-layout"
      >
        <a
          href="/login"
          onClick={[Function]}
        >
          <img
            className="mb-4 logo"
            src={Object {}}
          />
        </a>
        <div
          className="sc-hKFxyN gtgbrS"
        >
          <form
            name="reset-confirm"
            onSubmit={[Function]}
            role="form"
          >
            <h3>
              Reset
               Password
            </h3>
            
            <div
              className="form-group mt-4"
            >
              <label
                className="Auth_label"
              >
                New 
                Password
                <span>
                  *
                </span>
              </label>
              <div>
                <div
                  className="sc-bdnxRM iEBWwR"
                  data-testid="input"
                >
                  <button
                    className="input-icon "
                    onClick={[Function]}
                    type="button"
                  >
                    <svg
                      fill="none"
                      height="20"
                      viewBox="0 0 20 20"
                      width="20"
                      xmlns="http://www.w3.org/2000/svg"
                    >
                      <path
                        d="M10 5.41667C11.5323 5.41157 13.0349 5.83899 14.3351 6.64977C15.6353 7.46056 16.6804 8.6218 17.35 10C15.975 12.8083 13.1667 14.5833 10 14.5833C6.83337 14.5833 4.02504 12.8083 2.65004 10C3.31972 8.6218 4.36473 7.46056 5.66494 6.64977C6.96515 5.83899 8.46776 5.41157 10 5.41667ZM10 3.75C5.83337 3.75 2.27504 6.34167 0.833374 10C2.27504 13.6583 5.83337 16.25 10 16.25C14.1667 16.25 17.725 13.6583 19.1667 10C17.725 6.34167 14.1667 3.75 10 3.75ZM10 7.91667C10.5526 7.91667 11.0825 8.13616 11.4732 8.52686C11.8639 8.91756 12.0834 9.44747 12.0834 10C12.0834 10.5525 11.8639 11.0824 11.4732 11.4731C11.0825 11.8638 10.5526 12.0833 10 12.0833C9.44751 12.0833 8.9176 11.8638 8.5269 11.4731C8.1362 11.0824 7.91671 10.5525 7.91671 10C7.91671 9.44747 8.1362 8.91756 8.5269 8.52686C8.9176 8.13616 9.44751 7.91667 10 7.91667ZM10 6.25C7.93337 6.25 6.25004 7.93333 6.25004 10C6.25004 12.0667 7.93337 13.75 10 13.75C12.0667 13.75 13.75 12.0667 13.75 10C13.75 7.93333 12.0667 6.25 10 6.25Z"
                        fill="#8F9BB3"
                      />
                    </svg>
                  </button>
                  <input
                    className="form-control"
                    data-testid=""
                    id="password1"
                    label=""
                    onChange={[Function]}
                    placeholder="Enter password"
                    required={true}
                    type="password"
                    value=""
                  />
                </div>
              </div>
            </div>
            
            <div
              className="form-group"
            >
              <label
                className="Auth_label"
              >
                Confirm 
                New 
                Password
                <span>
                  *
                </span>
              </label>
              <div>
                <div
                  className="sc-bdnxRM iEBWwR"
                  data-testid="input"
                >
                  <button
                    className="input-icon "
                    onClick={[Function]}
                    type="button"
                  >
                    <svg
                      fill="none"
                      height="20"
                      viewBox="0 0 20 20"
                      width="20"
                      xmlns="http://www.w3.org/2000/svg"
                    >
                      <path
                        d="M10 5.41667C11.5323 5.41157 13.0349 5.83899 14.3351 6.64977C15.6353 7.46056 16.6804 8.6218 17.35 10C15.975 12.8083 13.1667 14.5833 10 14.5833C6.83337 14.5833 4.02504 12.8083 2.65004 10C3.31972 8.6218 4.36473 7.46056 5.66494 6.64977C6.96515 5.83899 8.46776 5.41157 10 5.41667ZM10 3.75C5.83337 3.75 2.27504 6.34167 0.833374 10C2.27504 13.6583 5.83337 16.25 10 16.25C14.1667 16.25 17.725 13.6583 19.1667 10C17.725 6.34167 14.1667 3.75 10 3.75ZM10 7.91667C10.5526 7.91667 11.0825 8.13616 11.4732 8.52686C11.8639 8.91756 12.0834 9.44747 12.0834 10C12.0834 10.5525 11.8639 11.0824 11.4732 11.4731C11.0825 11.8638 10.5526 12.0833 10 12.0833C9.44751 12.0833 8.9176 11.8638 8.5269 11.4731C8.1362 11.0824 7.91671 10.5525 7.91671 10C7.91671 9.44747 8.1362 8.91756 8.5269 8.52686C8.9176 8.13616 9.44751 7.91667 10 7.91667ZM10 6.25C7.93337 6.25 6.25004 7.93333 6.25004 10C6.25004 12.0667 7.93337 13.75 10 13.75C12.0667 13.75 13.75 12.0667 13.75 10C13.75 7.93333 12.0667 6.25 10 6.25Z"
                        fill="#8F9BB3"
                      />
                    </svg>
                  </button>
                  <input
                    className="form-control"
                    data-testid=""
                    id="password2"
                    label=""
                    onChange={[Function]}
                    placeholder="Enter password again"
                    required={true}
                    type="password"
                    value=""
                  />
                </div>
              </div>
            </div>
            <div
              className="clearfix text-center"
            >
              <button
                className="btn btn-default btn-block  "
                form={null}
                type="submit"
              >
                Change
                 Password
              </button>
            </div>
          </form>
        </div>
      </div>
    </div>
    <div
      className="grid-2 d-none d-md-block"
      style={
        Object {
          "backgroundImage": "url([object Object])",
          "backgroundSize": "cover",
        }
      }
    />
  </div>
</div>
`;
