// Jest Snapshot v1, https://goo.gl/fbAQLP

exports[`AddAdminEmail layout test Snapshot test for AddAdminEmail component 1`] = `
<DocumentFragment>
  <form
    aria-label="addAdminEmail-form"
    id="addAdminEmail"
  >
    <div
      class="header"
    >
      Add admin email address for invoices
    </div>
    <div
      class="form-group"
    >
      <label
        class=""
      >
        New Email Address
        <span
          class="label-style"
        >
          *
        </span>
      </label>
      <div
        class="sc-bdnxRM lboORq"
        data-testid="input"
      >
        <input
          aria-label="invoice_email"
          class="form-control"
          data-testid=""
          id=""
          label="Label"
          name="invoice_email"
          placeholder="Enter your password"
          required=""
          type="email"
        />
      </div>
    </div>
    <div
      class="row"
    >
      <div
        class="col"
      >
        <button
          class="btn btn-default btn btn-primary save  "
          type="submit"
        >
          Save
        </button>
      </div>
    </div>
  </form>
</DocumentFragment>
`;
