// Jest Snapshot v1, https://goo.gl/fbAQLP

exports[`Auth layout test Snapshot test for Login component 1`] = `
<div
  className="sc-dlnjwi lebFlj"
>
  <div
    className="header"
  >
    Address
  </div>
  <form>
    <div
      className="row"
    >
      <div
        className="col-sm-6"
      >
        <div
          className="form-group"
        >
          <label>
            Street
            <span
              className="label-style"
            >
              *
            </span>
          </label>
          <div
            className="sc-bdnxRM lboORq"
            data-testid="input"
          >
            <input
              className="form-control"
              data-testid=""
              id=""
              label="Label"
              placeholder="input"
              type="input"
              value=""
            />
          </div>
        </div>
      </div>
      <div
        className="col-sm-3"
      >
        <div
          className="form-group"
        >
          <label>
            Number/Plot
            <span
              className="label-style"
            >
              *
            </span>
          </label>
          <div
            className="sc-bdnxRM lboORq"
            data-testid="input"
          >
            <input
              className="form-control"
              data-testid=""
              id=""
              label="Label"
              placeholder="input"
              type="number"
              value=""
            />
          </div>
        </div>
      </div>
      <div
        className="col-sm-3"
      >
        <div
          className="form-group"
        >
          <label>
            Zip Code
            <span
              className="label-style"
            >
              *
            </span>
          </label>
          <div
            className="sc-bdnxRM lboORq"
            data-testid="input"
          >
            <input
              className="form-control"
              data-testid=""
              id=""
              label="Label"
              placeholder="input"
              type="input"
              value=""
            />
          </div>
        </div>
      </div>
    </div>
    <div
      className="row"
    >
      <div
        className="col-sm-6"
      >
        <div
          className="form-group"
        >
          <label>
            City
            <span
              className="label-style"
            >
              *
            </span>
          </label>
          <div
            className="sc-bdnxRM lboORq"
            data-testid="input"
          >
            <input
              className="form-control"
              data-testid=""
              id=""
              label="Label"
              placeholder="input"
              type="input"
              value=""
            />
          </div>
        </div>
      </div>
      <div
        className="col-sm-6"
      >
        <div
          className="country-selector form-group"
        >
          <label>
            Country
            <span
              className="label-style"
            >
              *
            </span>
          </label>
        </div>
      </div>
    </div>
    <div
      className="row"
    >
      <div
        className="col-sm-12"
      >
        <div
          className="form-group"
        >
          <label>
            VAT Number
          </label>
          <div
            className="sc-bdnxRM lboORq"
            data-testid="input"
          >
            <input
              className="form-control"
              data-testid=""
              id=""
              label="Label"
              placeholder="input"
              type="input"
              value=""
            />
          </div>
        </div>
      </div>
    </div>
    <div
      className="row"
    >
      <div
        className="col-sm-12"
      >
        <div
          className="form-group"
        >
          <label>
            Company Registration Number (Optional)
          </label>
          <div
            className="sc-bdnxRM lboORq"
            data-testid="input"
          >
            <input
              className="form-control"
              data-testid=""
              id=""
              label="Label"
              placeholder="input"
              type="input"
              value=""
            />
          </div>
        </div>
      </div>
    </div>
    <div
      className="col-12 save-container"
    >
      <button
        className="btn btn-default float-right save  "
        form={null}
        type="save"
      >
        Save
      </button>
    </div>
  </form>
</div>
`;
