// Jest Snapshot v1, https://goo.gl/fbAQLP

exports[`CookieSettingForm layout test CookieSettingForm component snapshot 1`] = `
<DocumentFragment>
  <form
    class="cookie-settings"
  >
    <div
      class="form-group"
    >
      Learn more from the Cookies section of our 
      <a
        href="https://tunga.io/privacy/#cookies"
        style="color: rgb(21, 26, 48); font-weight: 600; text-decoration: none;"
      >
        Privacy Policy.
      </a>
    </div>
  </form>
</DocumentFragment>
`;
