// Jest Snapshot v1, https://goo.gl/fbAQLP

exports[`CreateUser comp test CreateUser component snapshot 1`] = `
<DocumentFragment>
  <div>
    <div
      class="sc-hKFxyN UFHeH"
      style="margin-bottom: 0px;"
    >
      <div
        class="filter-links"
      >
        <a
          href="/settings/invite"
        >
          INVITE USERS
        </a>
        <a
          href="/settings/invite/create"
        >
          CREATE CLIENT
        </a>
        <a
          href="/settings/invite/pending"
        >
          View pending invites
        </a>
      </div>
    </div>
  </div>
  <div
    class="sc-dlnjwi fHkIBR"
    style="padding-top: 0px;"
  >
    <form>
      <input
        name="source"
        type="hidden"
        value="3"
      />
      <input
        name="type"
        type="hidden"
        value="2"
      />
      <div
        aria-label="label"
        class="row"
      >
        <div
          class="col-sm-12"
        >
          <div
            class="form-group"
          >
            <label
              aria-label="Email Address"
              class="control-label"
            >
              Email Address
              <span
                class="label-style"
              >
                *
              </span>
            </label>
            <input
              aria-label="email-input"
              class="form-control"
              name="email"
              placeholder="eg. bart@tunga.io"
              required=""
              type="text"
            />
          </div>
        </div>
      </div>
      <div
        aria-label="label"
        class="row"
      >
        <div
          class="col-sm-12"
        >
          <div
            class="form-group"
          >
            <label
              aria-label="First Name"
              class="control-label"
            >
              First Name
              <span
                class="label-style"
              >
                *
              </span>
            </label>
            <input
              aria-label="first_name-input"
              class="form-control"
              name="first_name"
              placeholder="Enter first name"
              required=""
              type="text"
            />
          </div>
        </div>
      </div>
      <div
        aria-label="label"
        class="row"
      >
        <div
          class="col-sm-12"
        >
          <div
            class="form-group"
          >
            <label
              aria-label="Last Name"
              class="control-label"
            >
              Last Name
              <span
                class="label-style"
              >
                *
              </span>
            </label>
            <input
              aria-label="last_name-input"
              class="form-control"
              name="last_name"
              placeholder="Enter last name"
              required=""
              type="text"
            />
          </div>
        </div>
      </div>
      <div
        aria-label="label"
        class="row"
      >
        <div
          class="col-sm-12"
        >
          <div
            class="form-group"
          >
            <label
              aria-label="Company name"
              class="control-label"
            >
              Company name
              <span
                class="label-style"
              >
                *
              </span>
            </label>
            <input
              aria-label="company-input"
              class="form-control"
              name="company"
              placeholder="Enter name of company"
              required=""
              type="text"
            />
          </div>
        </div>
      </div>
      <div
        aria-label="label"
        class="row"
      >
        <div
          class="col-sm-12"
        >
          <div
            class="form-group"
          >
            <label
              aria-label="VAT Number: "
              class="control-label"
            >
              VAT Number: 
            </label>
            <input
              aria-label="vat_number-input"
              class="form-control"
              name="vat_number"
              placeholder="VAT Number"
              type="text"
            />
          </div>
        </div>
      </div>
      <div
        class="row"
      >
        <div
          aria-label="label"
          class="col-sm-6"
        >
          <div
            class="form-group"
          >
            <label
              aria-label="street"
              class="control-label"
            >
              Street
              <span
                class="label-style"
              >
                *
              </span>
            </label>
            <input
              aria-label="street-input"
              class="form-control"
              name="street"
              placeholder="Enter street name"
              required=""
              type="text"
            />
          </div>
        </div>
        <div
          aria-label="label"
          class="col-sm-3"
        >
          <div
            class="form-group"
          >
            <label
              aria-label="Number/Plot"
              class="control-label"
            >
              Number/Plot
              <span
                class="label-style"
              >
                *
              </span>
            </label>
            <input
              aria-label="plot_number-input"
              class="form-control"
              name="plot_number"
              placeholder="Enter no."
              required=""
              type="number"
            />
          </div>
        </div>
        <div
          aria-label="label"
          class="col-sm-3"
        >
          <div
            class="form-group"
          >
            <label
              aria-label="Zip code"
              class="control-label"
            >
              Zip code
              <span
                class="label-style"
              >
                *
              </span>
            </label>
            <input
              aria-label="postal_code-input"
              class="form-control"
              name="postal_code"
              placeholder="Enter ZIP"
              required=""
              type="text"
            />
          </div>
        </div>
      </div>
      <div
        aria-label="label"
        class="row"
      >
        <div
          class="col-sm-6"
        >
          <div
            class="form-group"
          >
            <label
              aria-label="city"
              class="control-label"
            >
              City
              <span
                class="label-style"
              >
                *
              </span>
            </label>
            <input
              aria-label="city-input"
              class="form-control"
              name="city"
              placeholder="Enter city"
              required=""
              type="text"
            />
          </div>
        </div>
        <div
          aria-label="label"
          class="col-sm-6"
        >
          <div
            class="form-group"
          >
            <label
              aria-label="country"
              class="control-label"
            >
              Country
              <span
                class="label-style"
              >
                *
              </span>
            </label>
            <select
              aria-label="country-input"
              class="form-control"
              data=""
              name="country"
              required=""
            />
          </div>
        </div>
      </div>
      <div
        class="col-12"
      >
        <button
          aria-label="submit"
          class="btn btn-primary save animate"
          disabled=""
          type="submit"
        >
          Create User
        </button>
      </div>
    </form>
  </div>
</DocumentFragment>
`;
