// Jest Snapshot v1, https://goo.gl/fbAQLP

exports[`InviteUser comp test InviteUser component snapshot 1`] = `
<DocumentFragment>
  <div>
    <div
      class="sc-bdnxRM dNpxFo"
    >
      <div
        class="filter-links"
      >
        <a
          href="/settings/invite"
        >
          INVITE USERS
        </a>
        <a
          href="/settings/invite/create"
        >
          CREATE CLIENT
        </a>
        <a
          href="/settings/invite/pending"
        >
          View pending invites
        </a>
      </div>
    </div>
  </div>
  <div
    class="sc-eCApnc lwnPK"
  >
    <form>
      <div
        aria-label="label"
        class="row"
      >
        <div
          class="col-sm-12"
        >
          <div
            class="form-group"
          >
            <label
              aria-label="Email Address"
              class="control-label"
            >
              Email Address
              <span
                class="label-style"
              >
                *
              </span>
            </label>
            <div
              class="sc-jSFjdj dqrEkW"
              data-testid="input"
            >
              <input
                aria-label="email-input"
                class="form-control"
                data-testid=""
                id=""
                label="Label"
                name="email"
                placeholder="eg. bart@tunga.io"
                required=""
                type="input"
                value=""
              />
            </div>
          </div>
        </div>
      </div>
      <div
        aria-label="label"
        class="row"
      >
        <div
          class="col-sm-12"
        >
          <div
            class="form-group"
          >
            <label
              aria-label="First Name"
              class="control-label"
            >
              First Name
              <span
                class="label-style"
              >
                *
              </span>
            </label>
            <div
              class="sc-jSFjdj dqrEkW"
              data-testid="input"
            >
              <input
                aria-label="first_name-input"
                class="form-control"
                data-testid=""
                id=""
                label="Label"
                name="first_name"
                placeholder="Enter first name"
                required=""
                type="input"
                value=""
              />
            </div>
          </div>
        </div>
      </div>
      <div
        aria-label="label"
        class="row"
      >
        <div
          class="col-sm-12"
        >
          <div
            class="form-group"
          >
            <label
              aria-label="Last Name"
              class="control-label"
            >
              Last Name
              <span
                class="label-style"
              >
                *
              </span>
            </label>
            <div
              class="sc-jSFjdj dqrEkW"
              data-testid="input"
            >
              <input
                aria-label="last_name-input"
                class="form-control"
                data-testid=""
                id=""
                label="Label"
                name="last_name"
                placeholder="Enter last name"
                required=""
                type="input"
                value=""
              />
            </div>
          </div>
        </div>
      </div>
      <div
        aria-label="label"
        class="row"
      >
        <div
          class="col-sm-12"
        >
          <div
            class="form-group"
          >
            <label
              aria-label="User type"
              class="control-label"
            >
              User type
              <span
                class="label-style"
              >
                *
              </span>
            </label>
            <select
              aria-label="type-input"
              class="form-control"
              name="type"
              required=""
            >
              <option
                value=""
              >
                Select type of user
              </option>
              <option
                value="1"
              >
                Developer
              </option>
            </select>
          </div>
        </div>
      </div>
      <div
        class="col-12"
      >
        <button
          class="btn btn-primary save"
        >
          Send Invite
        </button>
      </div>
    </form>
  </div>
</DocumentFragment>
`;
