// Jest Snapshot v1, https://goo.gl/fbAQLP

exports[`Invites test Invites component snapshot 1`] = `
<DocumentFragment>
  Oct 7, 2021Suleiman Mohammeddah@m.comProject Owner
  <button
    aria-label="resend"
    class="btn btn-resend"
  >
    Resend
  </button>
  <svg
    aria-label="delete"
    fill="none"
    height="18"
    viewBox="0 0 14 18"
    width="14"
    xmlns="http://www.w3.org/2000/svg"
  >
    <path
      d="M1 16C1 16.5304 1.21071 17.0391 1.58579 17.4142C1.96086 17.7893 2.46957 18 3 18H11C11.5304 18 12.0391 17.7893 12.4142 17.4142C12.7893 17.0391 13 16.5304 13 16V4H1V16ZM3 6H11V16H3V6ZM10.5 1L9.5 0H4.5L3.5 1H0V3H14V1H10.5Z"
      fill="#8F9BB3"
    />
  </svg>
</DocumentFragment>
`;

exports[`PendingInvites test PendingInvites component snapshot 1`] = `
<DocumentFragment>
  <div>
    <div
      class="sc-hKFxyN gDVNEN"
    >
      <div
        class="filter-links"
      >
        <a
          href="/settings/invite"
        >
          INVITE USERS
        </a>
        <a
          href="/settings/invite/create"
        >
          CREATE CLIENT
        </a>
        <a
          href="/settings/invite/pending"
        >
          View pending invites
        </a>
      </div>
    </div>
  </div>
  <div
    class="infinite-scroll-component__outerdiv"
  >
    <div
      class="infinite-scroll-component "
      style="height: auto; overflow: auto;"
    >
      <div
        class="sc-dlnjwi sc-eCApnc bVmqia iiubgt"
      >
        <div
          class="undefined undefined"
        >
          <img
            alt="empty file image"
            src="[object Object]"
          />
          <p>
            No Pending invites have been created yet
          </p>
        </div>
      </div>
    </div>
  </div>
</DocumentFragment>
`;
