// Jest Snapshot v1, https://goo.gl/fbAQLP

exports[`TimeSheets Form tests TimeSheetsForm component snapshot 1`] = `
<DocumentFragment>
  <div
    class="sc-dlnjwi cOQCEJ"
  >
    <div
      class="sheet-flex 
          "
    >
      <div>
        January
      </div>
      <div
        class="sheet-item-flex"
      >
        <div
          class="mx-4"
        >
          <div
            class="round"
          >
            <input
              id="January"
              type="checkbox"
            />
            <label
              for="January"
            />
          </div>
        </div>
        <div
          class="arrow"
        >
          <div>
            <svg
              fill="none"
              height="18"
              viewBox="0 0 10 18"
              width="10"
              xmlns="http://www.w3.org/2000/svg"
            >
              <path
                d="M1 1.5L8.5 9L1 16.5"
                stroke="#7F8C9F"
                stroke-linecap="round"
                stroke-linejoin="round"
                stroke-width="2"
              />
            </svg>
          </div>
        </div>
      </div>
    </div>
    <div
      class="sheet-flex 
          "
    >
      <div>
        February
      </div>
      <div
        class="sheet-item-flex"
      >
        <div
          class="mx-4"
        >
          <div
            class="round"
          >
            <input
              id="February"
              type="checkbox"
            />
            <label
              for="February"
            />
          </div>
        </div>
        <div
          class="arrow"
        >
          <div>
            <svg
              fill="none"
              height="18"
              viewBox="0 0 10 18"
              width="10"
              xmlns="http://www.w3.org/2000/svg"
            >
              <path
                d="M1 1.5L8.5 9L1 16.5"
                stroke="#7F8C9F"
                stroke-linecap="round"
                stroke-linejoin="round"
                stroke-width="2"
              />
            </svg>
          </div>
        </div>
      </div>
    </div>
    <div
      class="sheet-flex 
          "
    >
      <div>
        March
      </div>
      <div
        class="sheet-item-flex"
      >
        <div
          class="mx-4"
        >
          <div
            class="round"
          >
            <input
              id="March"
              type="checkbox"
            />
            <label
              for="March"
            />
          </div>
        </div>
        <div
          class="arrow"
        >
          <div>
            <svg
              fill="none"
              height="18"
              viewBox="0 0 10 18"
              width="10"
              xmlns="http://www.w3.org/2000/svg"
            >
              <path
                d="M1 1.5L8.5 9L1 16.5"
                stroke="#7F8C9F"
                stroke-linecap="round"
                stroke-linejoin="round"
                stroke-width="2"
              />
            </svg>
          </div>
        </div>
      </div>
    </div>
    <div
      class="sheet-flex 
          "
    >
      <div>
        April
      </div>
      <div
        class="sheet-item-flex"
      >
        <div
          class="mx-4"
        >
          <div
            class="round"
          >
            <input
              id="April"
              type="checkbox"
            />
            <label
              for="April"
            />
          </div>
        </div>
        <div
          class="arrow"
        >
          <div>
            <svg
              fill="none"
              height="18"
              viewBox="0 0 10 18"
              width="10"
              xmlns="http://www.w3.org/2000/svg"
            >
              <path
                d="M1 1.5L8.5 9L1 16.5"
                stroke="#7F8C9F"
                stroke-linecap="round"
                stroke-linejoin="round"
                stroke-width="2"
              />
            </svg>
          </div>
        </div>
      </div>
    </div>
    <div
      class="sheet-flex 
          "
    >
      <div>
        May
      </div>
      <div
        class="sheet-item-flex"
      >
        <div
          class="mx-4"
        >
          <div
            class="round"
          >
            <input
              id="May"
              type="checkbox"
            />
            <label
              for="May"
            />
          </div>
        </div>
        <div
          class="arrow"
        >
          <div>
            <svg
              fill="none"
              height="18"
              viewBox="0 0 10 18"
              width="10"
              xmlns="http://www.w3.org/2000/svg"
            >
              <path
                d="M1 1.5L8.5 9L1 16.5"
                stroke="#7F8C9F"
                stroke-linecap="round"
                stroke-linejoin="round"
                stroke-width="2"
              />
            </svg>
          </div>
        </div>
      </div>
    </div>
    <div
      class="sheet-flex 
          "
    >
      <div>
        June
      </div>
      <div
        class="sheet-item-flex"
      >
        <div
          class="mx-4"
        >
          <div
            class="round"
          >
            <input
              id="June"
              type="checkbox"
            />
            <label
              for="June"
            />
          </div>
        </div>
        <div
          class="arrow"
        >
          <div>
            <svg
              fill="none"
              height="18"
              viewBox="0 0 10 18"
              width="10"
              xmlns="http://www.w3.org/2000/svg"
            >
              <path
                d="M1 1.5L8.5 9L1 16.5"
                stroke="#7F8C9F"
                stroke-linecap="round"
                stroke-linejoin="round"
                stroke-width="2"
              />
            </svg>
          </div>
        </div>
      </div>
    </div>
    <div
      class="sheet-flex 
          "
    >
      <div>
        July
      </div>
      <div
        class="sheet-item-flex"
      >
        <div
          class="mx-4"
        >
          <div
            class="round"
          >
            <input
              id="July"
              type="checkbox"
            />
            <label
              for="July"
            />
          </div>
        </div>
        <div
          class="arrow"
        >
          <div>
            <svg
              fill="none"
              height="18"
              viewBox="0 0 10 18"
              width="10"
              xmlns="http://www.w3.org/2000/svg"
            >
              <path
                d="M1 1.5L8.5 9L1 16.5"
                stroke="#7F8C9F"
                stroke-linecap="round"
                stroke-linejoin="round"
                stroke-width="2"
              />
            </svg>
          </div>
        </div>
      </div>
    </div>
    <div
      class="sheet-flex 
          "
    >
      <div>
        August
      </div>
      <div
        class="sheet-item-flex"
      >
        <div
          class="mx-4"
        >
          <div
            class="round"
          >
            <input
              id="August"
              type="checkbox"
            />
            <label
              for="August"
            />
          </div>
        </div>
        <div
          class="arrow"
        >
          <div>
            <svg
              fill="none"
              height="18"
              viewBox="0 0 10 18"
              width="10"
              xmlns="http://www.w3.org/2000/svg"
            >
              <path
                d="M1 1.5L8.5 9L1 16.5"
                stroke="#7F8C9F"
                stroke-linecap="round"
                stroke-linejoin="round"
                stroke-width="2"
              />
            </svg>
          </div>
        </div>
      </div>
    </div>
    <div
      class="sheet-flex 
          "
    >
      <div>
        September
      </div>
      <div
        class="sheet-item-flex"
      >
        <div
          class="mx-4"
        >
          <div
            class="round"
          >
            <input
              id="September"
              type="checkbox"
            />
            <label
              for="September"
            />
          </div>
        </div>
        <div
          class="arrow"
        >
          <div>
            <svg
              fill="none"
              height="18"
              viewBox="0 0 10 18"
              width="10"
              xmlns="http://www.w3.org/2000/svg"
            >
              <path
                d="M1 1.5L8.5 9L1 16.5"
                stroke="#7F8C9F"
                stroke-linecap="round"
                stroke-linejoin="round"
                stroke-width="2"
              />
            </svg>
          </div>
        </div>
      </div>
    </div>
    <div
      class="sheet-flex 
          "
    >
      <div>
        October
      </div>
      <div
        class="sheet-item-flex"
      >
        <div
          class="mx-4"
        >
          <div
            class="round"
          >
            <input
              id="October"
              type="checkbox"
            />
            <label
              for="October"
            />
          </div>
        </div>
        <div
          class="arrow"
        >
          <div>
            <svg
              fill="none"
              height="18"
              viewBox="0 0 10 18"
              width="10"
              xmlns="http://www.w3.org/2000/svg"
            >
              <path
                d="M1 1.5L8.5 9L1 16.5"
                stroke="#7F8C9F"
                stroke-linecap="round"
                stroke-linejoin="round"
                stroke-width="2"
              />
            </svg>
          </div>
        </div>
      </div>
    </div>
    <div
      class="sheet-flex 
          "
    >
      <div>
        November
      </div>
      <div
        class="sheet-item-flex"
      >
        <div
          class="mx-4"
        >
          <div
            class="round"
          >
            <input
              id="November"
              type="checkbox"
            />
            <label
              for="November"
            />
          </div>
        </div>
        <div
          class="arrow"
        >
          <div>
            <svg
              fill="none"
              height="18"
              viewBox="0 0 10 18"
              width="10"
              xmlns="http://www.w3.org/2000/svg"
            >
              <path
                d="M1 1.5L8.5 9L1 16.5"
                stroke="#7F8C9F"
                stroke-linecap="round"
                stroke-linejoin="round"
                stroke-width="2"
              />
            </svg>
          </div>
        </div>
      </div>
    </div>
    <div
      class="sheet-flex 
          "
    >
      <div>
        December
      </div>
      <div
        class="sheet-item-flex"
      >
        <div
          class="rate"
        >
          <strong />
          / hrs
        </div>
        <div
          class="mx-4"
        >
          <div
            class="round"
          >
            <input
              id="December"
              type="checkbox"
            />
            <label
              for="December"
            />
          </div>
        </div>
        <div
          class="arrow"
        >
          <div>
            <svg
              fill="none"
              height="18"
              viewBox="0 0 10 18"
              width="10"
              xmlns="http://www.w3.org/2000/svg"
            >
              <path
                d="M1 1.5L8.5 9L1 16.5"
                stroke="#7F8C9F"
                stroke-linecap="round"
                stroke-linejoin="round"
                stroke-width="2"
              />
            </svg>
          </div>
        </div>
      </div>
    </div>
  </div>
</DocumentFragment>
`;
