// Jest Snapshot v1, https://goo.gl/fbAQLP

exports[`Auth layout test Snapshot test for Login component 1`] = `
<div
  className="sc-bdnxRM bITDsc"
>
  <div
    className="grid_layout d-block d-md-grid"
  >
    <div
      className="grid-1 d-flex"
    >
      <div
        className="child__item container"
        data-testid="auth-layout"
      >
        <a
          href="/login"
          onClick={[Function]}
        >
          <img
            className="mb-4 logo"
            src={Object {}}
          />
        </a>
      </div>
    </div>
    <div
      className="grid-2 d-none d-md-block"
      style={
        Object {
          "backgroundImage": "url([object Object])",
          "backgroundSize": "cover",
        }
      }
    />
  </div>
</div>
`;
