// Jest Snapshot v1, https://goo.gl/fbAQLP

exports[`CreateLayout test, renders without crashing Snapshot test for CreateLayout component 1`] = `
<div
  className="sc-bdnxRM ilHWUJ"
>
  <div
    className="layout-navbar"
  >
    <div
      className="sc-gtsrHT lcTAek"
    >
      <div
        className="nav-content"
      >
        <span
          className="layout-close"
        >
          <a
            href="/dashboard"
            onClick={[Function]}
          >
            <i
              className="tg-ic-x-circle  "
            />
            Close
          </a>
        </span>
        <h5>
          wizard title 
        </h5>
        <span
          className="layout-steps"
        >
          Step 1 of 3
        </span>
      </div>
      <div
        className="nav-wizard-indicator"
      />
    </div>
  </div>
</div>
`;
