// Jest Snapshot v1, https://goo.gl/fbAQLP

exports[`Dashboard layout test Snapshot test for Login component 1`] = `
Array [
  <nav
    className="sc-fujyAs kVdmRC navbar "
  >
    <div
      className="title-bar"
    >
      <a
        className="navbar-brand"
        href="/dashboard"
        onClick={[Function]}
      >
        Dashboard
      </a>
      <ul
        className="navbar-nav ml-auto"
      >
        <li>
          <div
            className="sc-hKFxyN kdOwxq"
          >
            <div
              className="input-group sc-eCApnc kyswBz input-search"
            >
              <span
                className="input-group-prepend"
              >
                <span
                  className="input-group-text"
                >
                  <i
                    className="tg-ic-search1  "
                  />
                </span>
              </span>
              <div
                className="sc-bdnxRM lboORq"
                data-testid="input"
              >
                <input
                  autoComplete="off"
                  className="form-control"
                  data-testid=""
                  id=""
                  label="Label"
                  name="search"
                  onChange={[Function]}
                  placeholder="Search...."
                  type="input"
                  value=""
                />
              </div>
              <span
                className="input-group-prepend"
              />
            </div>
            
          </div>
        </li>
      </ul>
    </div>
    <div
      className="sc-iCoGMd liNCSM"
    />
  </nav>,
  <div
    className="sc-pNWdM ibuYVp sidebar"
    id="sidebar"
  >
    <img
      alt="company-logo"
      src={Object {}}
    />
    <ul
      className="nav"
    >
      <li>
        <a
          aria-current={null}
          href="/dashboard"
          onClick={[Function]}
        >
          <span
            className="menu-icon"
          >
            <i
              className="tg-ic-outline-dashboard tunga-ic-sz-sidebar "
            />
          </span>
          <span>
            Dashboard
          </span>
        </a>
      </li>
      <li>
        <a
          aria-current={null}
          href="/projects"
          onClick={[Function]}
        >
          <span
            className="menu-icon"
          >
            <i
              className="tg-ic-baseline-folder-open tunga-ic-sz-sidebar "
            />
          </span>
          <span>
            Projects
          </span>
        </a>
      </li>
      <li>
        <a
          aria-current={null}
          href="/payments/in/all"
          onClick={[Function]}
        >
          <span
            className="menu-icon"
          >
            <i
              className="tg-ic-round-payment tunga-ic-sz-sidebar "
            />
          </span>
          <span>
            Payments
          </span>
        </a>
      </li>
      <li>
        <a
          aria-current={null}
          href="/settings"
          onClick={[Function]}
        >
          <span
            className="menu-icon"
          >
            <i
              className="tg-ic-outline-settings tunga-ic-sz-sidebar "
            />
          </span>
          <span>
            Settings
          </span>
        </a>
      </li>
      <li>
        <a
          aria-current={null}
          href="/community"
          onClick={[Function]}
        >
          <span
            className="menu-icon"
          >
            <i
              className="tg-ic-baseline-folder-open tunga-ic-sz-sidebar "
            />
          </span>
          <span>
            Community
          </span>
        </a>
      </li>
      <li>
        <a
          aria-current={null}
          data-testid="signout"
          href="/logout"
          onClick={[Function]}
        >
          <span
            className="menu-icon"
          >
            <i
              className="tg-ic-log-out tunga-ic-sz-sidebar "
            />
          </span>
          <span>
            Log Out
          </span>
        </a>
      </li>
    </ul>
  </div>,
  <div
    className="sc-jrsJWt bYFtGA"
  />,
]
`;
