// Jest Snapshot v1, https://goo.gl/fbAQLP

exports[`Auth layout test Snapshot test for NavBar component 1`] = `
Array [
  <button
    onClick={[Function]}
    onToggle={[Function]}
    open={false}
  >
    Toggle DateTimePicker
  </button>,
  <button
    onClick={[Function]}
    onToggle={[Function]}
    open={false}
  >
    Click DateTimePicker
  </button>,
]
`;
