// Jest Snapshot v1, https://goo.gl/fbAQLP

exports[`Auth layout test Snapshot test for NavBar component 1`] = `
<form
  className="sc-gtsrHT sc-jSFjdj jKtEre dJWzYt"
  onSubmit={[Function]}
>
  <div
    className="form-group"
  >
    <label>
      Select date range for export
      <span
        className="label-style"
      >
        *
      </span>
    </label>
  </div>
  <div>
    <div
      className="form-group"
    >
      <div
        calendar={true}
        className="sc-eCApnc fwprEY tg-date-field rw-date-picker rw-widget"
        data-intent="mouse"
        format="DD MMM YYYY"
        onBlur={[Function]}
        onFocus={[Function]}
        onKeyDown={[Function]}
        onKeyPress={[Function]}
        required={true}
        tabIndex={-1}
        time={false}
      >
        <div
          className="rw-widget-picker rw-widget-container"
        >
          <input
            aria-expanded={false}
            aria-haspopup={true}
            aria-owns="start-date_date"
            autoComplete="off"
            className="rw-widget-input rw-input"
            id="start-date_input"
            onBlur={[Function]}
            onChange={[Function]}
            placeholder="From"
            role="combobox"
            tabIndex={0}
            type="text"
            value=""
          />
          <button
            aria-label="Select date"
            className="rw-input-addon rw-picker-btn rw-btn"
            onClick={[Function]}
            tabIndex={-1}
            title="Select date"
            type="button"
          >
            <i
              className="tg-ic-calendar2  "
            />
          </button>
        </div>
      </div>
    </div>
    <div
      className="form-group"
    >
      <div
        calendar={true}
        className="sc-eCApnc fwprEY tg-date-field rw-date-picker rw-widget"
        data-intent="mouse"
        format="DD MMM YYYY"
        onBlur={[Function]}
        onFocus={[Function]}
        onKeyDown={[Function]}
        onKeyPress={[Function]}
        required={true}
        tabIndex={-1}
        time={false}
      >
        <div
          className="rw-widget-picker rw-widget-container"
        >
          <input
            aria-expanded={false}
            aria-haspopup={true}
            aria-owns="rw_4_date"
            autoComplete="off"
            className="rw-widget-input rw-input"
            id="rw_3_input"
            onBlur={[Function]}
            onChange={[Function]}
            placeholder="To"
            role="combobox"
            tabIndex={0}
            type="text"
            value=""
          />
          <button
            aria-label="Select date"
            className="rw-input-addon rw-picker-btn rw-btn"
            onClick={[Function]}
            tabIndex={-1}
            title="Select date"
            type="button"
          >
            <i
              className="tg-ic-calendar2  "
            />
          </button>
        </div>
      </div>
    </div>
  </div>
</form>
`;
