// Jest Snapshot v1, https://goo.gl/fbAQLP

exports[`Auth layout test Snapshot test for NavBar component 1`] = `
Array [
  <button
    className="sc-bdnxRM erSqTl"
    onClick={[Function]}
    selectIcon={
      <Icon
        name="calendar2"
      />
    }
  >
    Toggle DateTimePicker
  </button>,
  <button
    className="sc-bdnxRM erSqTl"
    onClick={[Function]}
    selectIcon={
      <Icon
        name="calendar2"
      />
    }
  >
    Click DateTimePicker
  </button>,
]
`;
