// Jest Snapshot v1, https://goo.gl/fbAQLP

exports[`Auth layout test Snapshot test for NavBar component 1`] = `
<nav
  className="sc-iCoGMd wWrIP navbar "
>
  <div
    className="title-bar"
  >
    <a
      className="navbar-brand"
      href="/dashboard"
      onClick={[Function]}
    >
      Dashboard
    </a>
    <ul
      className="navbar-nav ml-auto"
    >
      <li>
        <div
          className="input-group sc-hKFxyN jgJWoP input-search"
        >
          <span
            className="input-group-prepend"
          >
            <span
              className="input-group-text"
            >
              <i
                className="tg-ic-search1  "
              />
            </span>
          </span>
          <div
            className="sc-bdnxRM lboORq"
            data-testid="input"
          >
            <input
              autoComplete="off"
              className="form-control"
              data-testid=""
              id=""
              label="Label"
              name="search"
              onChange={[Function]}
              placeholder="Search...."
              type="input"
              value=""
            />
          </div>
          <span
            className="input-group-prepend"
          />
        </div>
        
      </li>
    </ul>
  </div>
  <div
    className="sc-gKAaRy jFGIs"
  />
</nav>
`;
