// Jest Snapshot v1, https://goo.gl/fbAQLP

exports[`Auth layout test Snapshot test for NavBar component 1`] = `
<div
  className="sc-hKFxyN bCNRUe"
>
  <div
    className="input-group sc-eCApnc kyswBz input-search "
  >
    <span
      className="input-group-prepend"
    >
      <span
        className="input-group-text"
      >
        <i
          className="tg-ic-search1  "
        />
      </span>
    </span>
    <div
      className="sc-gtsrHT jGBtBH"
      data-testid="input"
    >
      <input
        autoComplete="off"
        className="form-control"
        data-testid=""
        id=""
        label="Label"
        name="search"
        onBlur={[Function]}
        onChange={[Function]}
        onFocus={[Function]}
        placeholder="Search...."
        type="input"
        value=""
      />
    </div>
    <span
      className="input-group-prepend"
    />
  </div>
  
</div>
`;
