// Jest Snapshot v1, https://goo.gl/fbAQLP

exports[`SingleSkillSelector component test Snapshot test for SingleSkillSelector component 1`] = `
<div
  className="sc-hKFxyN iNkfif"
>
  <div
    style={
      Object {
        "position": "relative",
      }
    }
  >
    <div
      className="input-group "
    >
      <div
        className="sc-bdnxRM lboORq"
        data-testid="input"
      >
        <input
          className="form-control"
          data-testid=""
          id=""
          label="Label"
          onChange={[Function]}
          onFocus={[Function]}
          onKeyPress={[Function]}
          placeholder="Search Skill"
          type="input"
          value=""
        />
      </div>
    </div>
  </div>
</div>
`;
